// Jest Snapshot v1, https://goo.gl/fbAQLP

exports[`Natural 1`] = `
<div
  className="sweet-loading"
/>
`;
