// Jest Snapshot v1, https://goo.gl/fbAQLP

exports[`Natural 1`] = `
Array [
  " ",
  <p>
    Please select one major category under which your contribution falls under. We understand that there might be more than one fits, please select one and you will be given a chance to select some subcategories later.
  </p>,
  <div
    className="MuiFormControl-root AdditionalInfo-formControl-1"
  >
    <label
      className="MuiFormLabel-root MuiInputLabel-root MuiInputLabel-formControl MuiInputLabel-animated AdditionalInfo-label-5"
      data-shrink={false}
      htmlFor="category"
    >
      Category
    </label>
    <div
      aria-label="category"
      className="MuiInputBase-root MuiInput-root MuiInputBase-formControl MuiInput-formControl AdditionalInfo-select-2"
      onClick={[Function]}
    >
      <div
        className="MuiSelect-root"
      >
        <div
          aria-haspopup="true"
          aria-pressed="false"
          className="MuiSelect-select MuiSelect-selectMenu MuiInputBase-input MuiInput-input"
          id="select-category"
          onBlur={[Function]}
          onClick={[Function]}
          onFocus={[Function]}
          onKeyDown={[Function]}
          role="button"
          tabIndex={0}
        >
          <span
            dangerouslySetInnerHTML={
              Object {
                "__html": "&#8203;",
              }
            }
          />
        </div>
        <input
          id="category"
          name="category"
          type="hidden"
          value=""
        />
        <svg
          aria-hidden="true"
          className="MuiSvgIcon-root MuiSelect-icon"
          focusable="false"
          role="presentation"
          viewBox="0 0 24 24"
        >
          <path
            d="M7 10l5 5 5-5z"
          />
        </svg>
      </div>
    </div>
  </div>,
  <p>
    Please select one or more 'tags' for your contribution. A tag can be thought of as a related theme or subcategory.
     
  </p>,
  <div
    className="MuiFormControl-root AdditionalInfo-formControl-1 AdditionalInfo-formControlTags-3"
  >
    <label
      className="MuiFormLabel-root MuiInputLabel-root MuiInputLabel-formControl MuiInputLabel-animated AdditionalInfo-label-5"
      data-shrink={false}
      htmlFor="selectMultipleCheckbox"
    >
      Tags
    </label>
    <div
      aria-label="tags"
      className="MuiInputBase-root MuiInput-root MuiInputBase-formControl MuiInput-formControl AdditionalInfo-select-2"
      onClick={[Function]}
    >
      <div
        className="MuiSelect-root"
      >
        <div
          aria-haspopup="true"
          aria-pressed="false"
          className="MuiSelect-select MuiSelect-selectMenu MuiInputBase-input MuiInput-input"
          onBlur={[Function]}
          onClick={[Function]}
          onFocus={[Function]}
          onKeyDown={[Function]}
          role="button"
          tabIndex={0}
        >
          <span
            dangerouslySetInnerHTML={
              Object {
                "__html": "&#8203;",
              }
            }
          />
        </div>
        <input
          id="selectMultipleCheckbox"
          type="hidden"
          value=""
        />
        <svg
          aria-hidden="true"
          className="MuiSvgIcon-root MuiSelect-icon"
          focusable="false"
          role="presentation"
          viewBox="0 0 24 24"
        >
          <path
            d="M7 10l5 5 5-5z"
          />
        </svg>
      </div>
    </div>
  </div>,
  <p>
    Tell us about yourself. What is your connection to the Women's Liberation Movement? Please do not share any private information here such as your phone number or address.
  </p>,
  <div
    className="MuiFormControl-root MuiFormControl-marginNormal MuiFormControl-fullWidth MuiTextField-root AdditionalInfo-textField-4 AdditionalInfo-textFieldWlm-6"
  >
    <label
      className="MuiFormLabel-root MuiInputLabel-root MuiInputLabel-formControl MuiInputLabel-animated AdditionalInfo-label-5"
      data-shrink={false}
      htmlFor="standard-multiline-static"
    >
      Connection to Womenâ€™s Liberation Movement
    </label>
    <div
      className="MuiInputBase-root MuiInput-root MuiInputBase-fullWidth MuiInput-fullWidth MuiInputBase-formControl MuiInput-formControl MuiInputBase-multiline MuiInput-multiline"
      onClick={[Function]}
    >
      <textarea
        aria-invalid={false}
        className="MuiInputBase-input MuiInput-input MuiInputBase-inputMultiline MuiInput-inputMultiline"
        disabled={false}
        id="standard-multiline-static"
        name="wlmConnection"
        onBlur={[Function]}
        onChange={[Function]}
        onFocus={[Function]}
        placeholder="examples: activist, daughter of an activist, et cetera)"
        required={false}
        rows="4"
        value=""
      />
    </div>
  </div>,
  <p>
    Anything else you would like to tell us?
  </p>,
  <div
    className="MuiFormControl-root MuiFormControl-marginNormal MuiTextField-root AdditionalInfo-textField-4"
  >
    <label
      className="MuiFormLabel-root MuiInputLabel-root MuiInputLabel-formControl MuiInputLabel-animated AdditionalInfo-label-5"
      data-shrink={false}
      htmlFor="additionalComments"
    >
      Additional comments?
    </label>
    <div
      className="MuiInputBase-root MuiInput-root MuiInputBase-formControl MuiInput-formControl MuiInputBase-multiline MuiInput-multiline"
      onClick={[Function]}
    >
      <textarea
        aria-invalid={false}
        className="MuiInputBase-input MuiInput-input MuiInputBase-inputMultiline MuiInput-inputMultiline"
        disabled={false}
        id="additionalComments"
        name="additionalComments"
        onBlur={[Function]}
        onChange={[Function]}
        onFocus={[Function]}
        placeholder="Talk to us!"
        required={false}
        rows="4"
        value=""
      />
    </div>
  </div>,
  <div
    className="MuiFormControl-root AdditionalInfo-formControlCheckbox-9"
  >
    <label
      className="MuiFormControlLabel-root AdditionalInfo-formControlLabel-10"
    >
      <span
        aria-disabled={false}
        className="MuiButtonBase-root MuiIconButton-root MuiIconButton-colorSecondary PrivateSwitchBase-root-94 MuiCheckbox-root MuiCheckbox-colorSecondary"
        onBlur={[Function]}
        onFocus={[Function]}
        onKeyDown={[Function]}
        onKeyUp={[Function]}
        onMouseDown={[Function]}
        onMouseLeave={[Function]}
        onMouseUp={[Function]}
        onTouchEnd={[Function]}
        onTouchMove={[Function]}
        onTouchStart={[Function]}
        tabIndex={null}
      >
        <span
          className="MuiIconButton-label"
        >
          <svg
            aria-hidden="true"
            className="MuiSvgIcon-root"
            focusable="false"
            role="presentation"
            viewBox="0 0 24 24"
          >
            <path
              d="M19 5v14H5V5h14m0-2H5c-1.1 0-2 .9-2 2v14c0 1.1.9 2 2 2h14c1.1 0 2-.9 2-2V5c0-1.1-.9-2-2-2z"
            />
          </svg>
          <input
            checked={false}
            className="PrivateSwitchBase-input-97"
            data-indeterminate={false}
            disabled={false}
            onChange={[Function]}
            type="checkbox"
            value="infoTrue"
          />
        </span>
      </span>
      <span
        className="MuiTypography-root MuiTypography-body1 MuiFormControlLabel-label"
      >
        I certify that this information is true to the best of my knowledge and contains no personal attacks.
      </span>
    </label>
  </div>,
  " ",
]
`;
