// Jest Snapshot v1, https://goo.gl/fbAQLP

exports[`Footer Component Test Natural 1`] = `ReactWrapper {}`;
